// Jest Snapshot v1, https://goo.gl/fbAQLP

exports[`Login page should show Skeleton if url includes code search params  1`] = `
<div
  class="ant-skeleton css-dev-only-do-not-override-49qm"
>
  <div
    class="ant-skeleton-content"
  >
    <h3
      class="ant-skeleton-title"
      style="width: 38%;"
    />
    <ul
      class="ant-skeleton-paragraph"
    >
      <li />
      <li />
      <li
        style="width: 61%;"
      />
    </ul>
  </div>
</div>
`;
