// Jest Snapshot v1, https://goo.gl/fbAQLP

exports[`Layout component renders the layout component with authenticated  1`] = `
<div>
  <div
    class="headroom-wrapper"
  >
    <div
      class="headroom headroom--unfixed"
    >
      <div
        class="ant-flex css-dev-only-do-not-override-49qm ant-flex-align-center ant-flex-justify-space-between"
      >
        <nav>
          <div
            class="ant-flex css-dev-only-do-not-override-49qm ant-flex-align-center"
            style="gap: 16px;"
          >
            <a
              href="/"
            >
              <svg
                fill="none"
                height="36"
                viewBox="0 0 36 36"
                width="36"
                xmlns="http://www.w3.org/2000/svg"
              >
                <g
                  clip-path="url(#clip0_2848_34972)"
                >
                  <path
                    d="M13.1289 2.24829C16.1289 1.37329 23.4789 0.823293 28.8789 5.62329C35.6289 11.6233 34.5039 20.2484 33.7539 22.8734"
                    stroke="url(#paint0_linear_2848_34972)"
                    stroke-linecap="round"
                    stroke-width="2.6"
                  />
                  <path
                    d="M10.3804 13.4768L17.9712 9.06871L25.5404 13.4394L25.5188 22.2182L17.928 26.6264L10.3588 22.2557L10.3804 13.4768Z"
                    fill="#AABFFA"
                  />
                  <path
                    d="M3.62288 8.28134L3.63171 4.69301L6.73443 2.8912L9.82162 4.67385L9.81279 8.26217L6.71006 10.064L3.62288 8.28134Z"
                    stroke="#AABFFA"
                    stroke-width="1.55594"
                  />
                  <path
                    d="M26.1386 27.7055L30.4036 25.2287L34.6566 27.6845L34.6444 32.617L30.3794 35.0938L26.1265 32.638L26.1386 27.7055Z"
                    fill="#BB5EF1"
                  />
                  <path
                    d="M22.6992 34.1189C19.6992 34.9939 12.3492 35.5439 6.94922 30.7439C0.19922 24.7439 1.32422 16.1188 2.07422 13.4938"
                    stroke="url(#paint1_linear_2848_34972)"
                    stroke-linecap="round"
                    stroke-width="2.6"
                  />
                </g>
                <defs>
                  <lineargradient
                    gradientUnits="userSpaceOnUse"
                    id="paint0_linear_2848_34972"
                    x1="23.7272"
                    x2="23.7272"
                    y1="1.66406"
                    y2="22.8734"
                  >
                    <stop
                      stop-color="#BBCDFF"
                    />
                    <stop
                      offset="1"
                      stop-color="#D0AEFF"
                    />
                  </lineargradient>
                  <lineargradient
                    gradientUnits="userSpaceOnUse"
                    id="paint1_linear_2848_34972"
                    x1="12.1009"
                    x2="12.1009"
                    y1="34.7031"
                    y2="13.4938"
                  >
                    <stop
                      stop-color="#95B1FF"
                    />
                    <stop
                      offset="1"
                      stop-color="#C398FF"
                    />
                  </lineargradient>
                  <clippath
                    id="clip0_2848_34972"
                  >
                    <rect
                      fill="white"
                      height="36"
                      width="36"
                    />
                  </clippath>
                </defs>
              </svg>
            </a>
            <a
              href="/"
            >
              <h3>
                Console Connect Private Label
              </h3>
            </a>
          </div>
        </nav>
        <nav
          class="user-nav"
          data-iht="user-nav"
        >
          <div
            class="ant-flex css-dev-only-do-not-override-49qm ant-flex-align-center"
          >
            <div
              class="ant-flex css-dev-only-do-not-override-49qm ant-flex-align-center ant-flex-justify-flex-end"
              id="nav"
              style="color: red; gap: 24px;"
            >
              <span
                class="ant-avatar ant-avatar-lg ant-avatar-circle ant-avatar-image ant-dropdown-trigger css-dev-only-do-not-override-49qm"
              >
                <img
                  alt="avatar"
                />
              </span>
            </div>
          </div>
        </nav>
      </div>
    </div>
  </div>
  <div
    class="ant-flex css-dev-only-do-not-override-49qm"
  >
    <aside
      class="ant-layout-sider ant-layout-sider-dark ant-layout-sider-has-trigger sc-dprtRQ dUEafh css-dev-only-do-not-override-49qm"
      style="flex: 0 0 200px; max-width: 200px; min-width: 200px; width: 200px;"
    >
      <div
        class="ant-layout-sider-children"
      >
        <div
          class="ant-flex css-dev-only-do-not-override-49qm ant-flex-align-stretch ant-flex-vertical"
        >
          <div
            class="ant-flex css-dev-only-do-not-override-49qm ant-flex-justify-flex-end"
          >
            <span
              aria-label="double-left"
              class="anticon anticon-double-left"
              role="none"
              tabindex="-1"
            >
              <svg
                aria-hidden="true"
                data-icon="double-left"
                fill="currentColor"
                focusable="false"
                height="1em"
                viewBox="64 64 896 896"
                width="1em"
              >
                <path
                  d="M272.9 512l265.4-339.1c4.1-5.2.4-12.9-6.3-12.9h-77.3c-4.9 0-9.6 2.3-12.6 6.1L186.8 492.3a31.99 31.99 0 000 39.5l255.3 326.1c3 3.9 7.7 6.1 12.6 6.1H532c6.7 0 10.4-7.7 6.3-12.9L272.9 512zm304 0l265.4-339.1c4.1-5.2.4-12.9-6.3-12.9h-77.3c-4.9 0-9.6 2.3-12.6 6.1L490.8 492.3a31.99 31.99 0 000 39.5l255.3 326.1c3 3.9 7.7 6.1 12.6 6.1H836c6.7 0 10.4-7.7 6.3-12.9L576.9 512z"
                />
              </svg>
            </span>
          </div>
          <div
            class="ant-flex css-dev-only-do-not-override-49qm ant-flex-align-center"
            style="margin-top: 16px; gap: 12px;"
          >
            <img
              alt="network"
              src="[object Object]"
            />
            <span
              style="font-size: 16px; font-weight: 500; color: rgb(255, 255, 255); font-style: normal;"
            >
              NETWORK
            </span>
          </div>
        </div>
        <ul
          class="ant-menu ant-menu-root ant-menu-inline ant-menu-light css-dev-only-do-not-override-49qm"
          data-menu-list="true"
          role="menu"
          tabindex="0"
        >
          <li
            class="ant-menu-item ant-menu-item-selected"
            data-menu-id="rc-menu-uuid-test-1"
            regex="/^\\/dashboard(\\/.*)?$/"
            role="menuitem"
            style="padding-left: 24px;"
            tabindex="-1"
          >
            <svg />
            <span
              class="ant-menu-title-content"
            >
              Dashboard
            </span>
          </li>
          <li
            class="ant-menu-submenu ant-menu-submenu-inline"
            role="none"
          >
            <div
              aria-controls="rc-menu-uuid-test-2-popup"
              aria-expanded="false"
              aria-haspopup="true"
              class="ant-menu-submenu-title"
              data-menu-id="rc-menu-uuid-test-2"
              role="menuitem"
              style="padding-left: 24px;"
              tabindex="-1"
            >
              <svg />
              <span
                class="ant-menu-title-content"
              >
                DC Ports
              </span>
              <span
                aria-label="right"
                class="anticon anticon-right"
                role="img"
              >
                <svg
                  aria-hidden="true"
                  data-icon="right"
                  fill="currentColor"
                  focusable="false"
                  height="1em"
                  viewBox="64 64 896 896"
                  width="1em"
                >
                  <path
                    d="M765.7 486.8L314.9 134.7A7.97 7.97 0 00302 141v77.3c0 4.9 2.3 9.6 6.1 12.6l360 281.1-360 281.1c-3.9 3-6.1 7.7-6.1 12.6V883c0 6.7 7.7 10.4 12.9 6.3l450.8-352.1a31.96 31.96 0 000-50.4z"
                  />
                </svg>
              </span>
            </div>
          </li>
          <li
            class="ant-menu-item"
            data-menu-id="rc-menu-uuid-test-3"
            role="menuitem"
            style="padding-left: 24px;"
            tabindex="-1"
          >
            <svg />
            <span
              class="ant-menu-title-content"
            >
              L2 Connections
            </span>
          </li>
          <li
            class="ant-menu-item"
            data-menu-id="rc-menu-uuid-test-4"
            role="menuitem"
            style="padding-left: 24px;"
            tabindex="-1"
          >
            <svg />
            <span
              class="ant-menu-title-content"
            >
              L3 connections
            </span>
          </li>
          <li
            class="ant-menu-item"
            data-menu-id="rc-menu-uuid-test-5"
            role="menuitem"
            style="padding-left: 24px;"
            tabindex="-1"
          >
            <svg />
            <span
              class="ant-menu-title-content"
            >
              CloudRouter
            </span>
          </li>
          <li
            class="ant-menu-submenu ant-menu-submenu-inline"
            role="none"
          >
            <div
              aria-controls="rc-menu-uuid-test-6-popup"
              aria-expanded="false"
              aria-haspopup="true"
              class="ant-menu-submenu-title"
              data-menu-id="rc-menu-uuid-test-6"
              role="menuitem"
              style="padding-left: 24px;"
              tabindex="-1"
            >
              <svg />
              <span
                class="ant-menu-title-content"
              >
                Settings
              </span>
              <span
                aria-label="right"
                class="anticon anticon-right"
                role="img"
              >
                <svg
                  aria-hidden="true"
                  data-icon="right"
                  fill="currentColor"
                  focusable="false"
                  height="1em"
                  viewBox="64 64 896 896"
                  width="1em"
                >
                  <path
                    d="M765.7 486.8L314.9 134.7A7.97 7.97 0 00302 141v77.3c0 4.9 2.3 9.6 6.1 12.6l360 281.1-360 281.1c-3.9 3-6.1 7.7-6.1 12.6V883c0 6.7 7.7 10.4 12.9 6.3l450.8-352.1a31.96 31.96 0 000-50.4z"
                  />
                </svg>
              </span>
            </div>
          </li>
        </ul>
        <div
          aria-hidden="true"
          style="display: none;"
        />
      </div>
      <div
        class="ant-layout-sider-trigger"
        style="width: 200px;"
      >
        <span
          aria-label="left"
          class="anticon anticon-left"
          role="img"
        >
          <svg
            aria-hidden="true"
            data-icon="left"
            fill="currentColor"
            focusable="false"
            height="1em"
            viewBox="64 64 896 896"
            width="1em"
          >
            <path
              d="M724 218.3V141c0-6.7-7.7-10.4-12.9-6.3L260.3 486.8a31.86 31.86 0 000 50.3l450.8 352.1c5.3 4.1 12.9.4 12.9-6.3v-77.3c0-4.9-2.3-9.6-6.1-12.6l-360-281 360-281.1c3.8-3 6.1-7.7 6.1-12.6z"
            />
          </svg>
        </span>
      </div>
    </aside>
    <div
      class="ant-flex css-dev-only-do-not-override-49qm ant-flex-align-start ant-flex-justify-start ant-flex-vertical"
      style="width: 100%;"
    >
      <nav
        class="ant-breadcrumb sc-dstKZu cCCkCF css-dev-only-do-not-override-49qm"
        style="font-size: 18px;"
      >
        <ol>
          <li>
            <a
              class="sc-khLCKb eYFRrJ"
              href="/"
            >
              Dashboard
            </a>
          </li>
        </ol>
      </nav>
    </div>
  </div>
</div>
`;
