// Jest Snapshot v1, https://goo.gl/fbAQLP

exports[`Customer Company Page should display inactive company data in table rows 1`] = `
<body>
  <div>
    <div
      class="ant-flex css-dev-only-do-not-override-ni1kz0 ant-flex-align-center ant-flex-justify-start ant-flex-vertical"
      style="width: 70%; margin: 0px auto; gap: 20px;"
    >
      <div
        class="ant-flex css-dev-only-do-not-override-ni1kz0 ant-flex-align-center ant-flex-justify-space-between"
        style="width: 100%;"
      >
        <div
          class="ant-flex css-dev-only-do-not-override-ni1kz0 ant-flex-align-center"
          style="gap: 15px;"
        >
          <div
            class="sc-fAUdSK dfFYLE"
          >
            <svg
              data-testid="customer-company"
            />
          </div>
          <h3
            class="ant-typography css-dev-only-do-not-override-ni1kz0"
            style="margin: 0px;"
          >
            Customer Company
          </h3>
        </div>
        <button
          class="ant-btn css-dev-only-do-not-override-ni1kz0 ant-btn-default ant-btn-color-default ant-btn-variant-outlined sc-egkSDF kCIHkZ"
          data-testid="add-button"
          type="button"
        >
          <span>
            Add customer company
          </span>
        </button>
      </div>
      <div
        class="ant-table-wrapper sc-dntaoT jPeUFk css-dev-only-do-not-override-ni1kz0"
        style="width: 100%;"
      >
        <div
          class="ant-spin-nested-loading css-dev-only-do-not-override-ni1kz0"
        >
          <div
            class="ant-spin-container"
          >
            <div
              class="ant-table css-dev-only-do-not-override-ni1kz0 ant-table-fixed-header"
            >
              <div
                class="ant-table-container"
              >
                <div
                  class="ant-table-header"
                  style="overflow: hidden;"
                >
                  <table
                    style="table-layout: fixed; visibility: hidden;"
                  >
                    <colgroup />
                    <thead
                      class="ant-table-thead"
                    >
                      <tr>
                        <th
                          class="ant-table-cell"
                          scope="col"
                        >
                          Name
                        </th>
                        <th
                          class="ant-table-cell"
                          scope="col"
                        >
                          ID
                        </th>
                        <th
                          class="ant-table-cell"
                          scope="col"
                        >
                          Short name & URL
                        </th>
                        <th
                          class="ant-table-cell"
                          scope="col"
                        >
                          Status
                        </th>
                        <th
                          class="ant-table-cell"
                          scope="col"
                        >
                          Action
                        </th>
                      </tr>
                    </thead>
                  </table>
                </div>
                <div
                  class="ant-table-body"
                  style="overflow-y: scroll; max-height: 560px;"
                >
                  <table
                    style="table-layout: fixed;"
                  >
                    <colgroup />
                    <tbody
                      class="ant-table-tbody"
                    >
                      <tr
                        aria-hidden="true"
                        class="ant-table-measure-row"
                        style="height: 0px; font-size: 0px;"
                      >
                        <td
                          style="padding: 0px; border: 0px; height: 0px;"
                        >
                          <div
                            style="height: 0px; overflow: hidden;"
                          >
                             
                          </div>
                        </td>
                        <td
                          style="padding: 0px; border: 0px; height: 0px;"
                        >
                          <div
                            style="height: 0px; overflow: hidden;"
                          >
                             
                          </div>
                        </td>
                        <td
                          style="padding: 0px; border: 0px; height: 0px;"
                        >
                          <div
                            style="height: 0px; overflow: hidden;"
                          >
                             
                          </div>
                        </td>
                        <td
                          style="padding: 0px; border: 0px; height: 0px;"
                        >
                          <div
                            style="height: 0px; overflow: hidden;"
                          >
                             
                          </div>
                        </td>
                        <td
                          style="padding: 0px; border: 0px; height: 0px;"
                        >
                          <div
                            style="height: 0px; overflow: hidden;"
                          >
                             
                          </div>
                        </td>
                      </tr>
                      <tr
                        class="ant-table-row ant-table-row-level-0"
                        data-row-key="org_D4ES55BSeeAHystq"
                      >
                        <td
                          class="ant-table-cell"
                        >
                          hello_world
                        </td>
                        <td
                          class="ant-table-cell"
                        >
                          org_D4ES55BSeeAHystq
                        </td>
                        <td
                          class="ant-table-cell"
                        >
                          <div
                            class="ant-flex css-dev-only-do-not-override-ni1kz0 ant-flex-align-center"
                            style="gap: 5px;"
                          >
                            <span
                              style="font-size: 14px; font-weight: 500; font-style: normal; text-overflow: ellipsis; overflow: hidden;"
                            >
                              helloworld123
                            </span>
                            <span
                              data-testid="mocked-svg"
                              style="display: flex; justify-content: center;"
                            >
                              <svg
                                data-testid="info"
                              />
                            </span>
                          </div>
                        </td>
                        <td
                          class="ant-table-cell"
                        >
                          <div
                            class="ant-flex css-dev-only-do-not-override-ni1kz0"
                            style="gap: 2px;"
                          >
                            <svg
                              data-testid="status"
                            />
                            <span
                              class="ant-typography css-dev-only-do-not-override-ni1kz0"
                            >
                              Active
                            </span>
                          </div>
                        </td>
                        <td
                          class="ant-table-cell"
                        >
                          <div
                            class="ant-space css-dev-only-do-not-override-ni1kz0 ant-space-horizontal ant-space-align-center ant-space-gap-row-small ant-space-gap-col-small"
                          >
                            <div
                              class="ant-space-item"
                            >
                              <button
                                class="ant-btn css-dev-only-do-not-override-ni1kz0 ant-btn-link ant-btn-color-dangerous ant-btn-variant-link"
                                data-testid="handle-modify"
                                style="padding: 4px 0px;"
                                type="button"
                              >
                                <span>
                                  Modify
                                </span>
                              </button>
                            </div>
                            <div
                              class="ant-space-item"
                            >
                              <button
                                class="ant-btn css-dev-only-do-not-override-ni1kz0 ant-btn-link ant-btn-color-dangerous ant-btn-variant-link"
                                data-testid="handle-deactivate"
                                style="padding: 4px 0px;"
                                type="button"
                              >
                                <span>
                                  Deactivate
                                </span>
                              </button>
                            </div>
                          </div>
                        </td>
                      </tr>
                      <tr
                        class="ant-table-row ant-table-row-level-0"
                        data-row-key="org_AeltT2tTQsOFNvCC"
                      >
                        <td
                          class="ant-table-cell"
                        >
                          QE Testing
                        </td>
                        <td
                          class="ant-table-cell"
                        >
                          org_AeltT2tTQsOFNvCC
                        </td>
                        <td
                          class="ant-table-cell"
                        >
                          <div
                            class="ant-flex css-dev-only-do-not-override-ni1kz0 ant-flex-align-center"
                            style="gap: 5px;"
                          >
                            <span
                              style="font-size: 14px; font-weight: 500; font-style: normal; text-overflow: ellipsis; overflow: hidden;"
                            >
                              qetesting
                            </span>
                            <span
                              data-testid="mocked-svg"
                              style="display: flex; justify-content: center;"
                            >
                              <svg
                                data-testid="info"
                              />
                            </span>
                          </div>
                        </td>
                        <td
                          class="ant-table-cell"
                        >
                          <div
                            class="ant-flex css-dev-only-do-not-override-ni1kz0"
                            style="gap: 2px;"
                          >
                            <svg
                              data-testid="status"
                            />
                            <span
                              class="ant-typography css-dev-only-do-not-override-ni1kz0"
                            >
                              Inactive
                            </span>
                          </div>
                        </td>
                        <td
                          class="ant-table-cell"
                        >
                          <div
                            class="ant-space css-dev-only-do-not-override-ni1kz0 ant-space-horizontal ant-space-align-center ant-space-gap-row-small ant-space-gap-col-small"
                          >
                            <div
                              class="ant-space-item"
                            >
                              <button
                                class="ant-btn css-dev-only-do-not-override-ni1kz0 ant-btn-link ant-btn-color-dangerous ant-btn-variant-link"
                                data-testid="handle-activate"
                                style="padding: 4px 0px;"
                                type="button"
                              >
                                <span>
                                  Activate
                                </span>
                              </button>
                            </div>
                          </div>
                        </td>
                      </tr>
                    </tbody>
                  </table>
                </div>
              </div>
            </div>
          </div>
        </div>
      </div>
    </div>
  </div>
</body>
`;
